// Jest Snapshot v1, https://goo.gl/fbAQLP

exports[`<SearchResult /> should render the heading 1`] = `
<main
  class=""
>
  <h1>
    SearchResult
  </h1>
</main>
`
